sdkfns
dsfdsf
dsfdsfdsfsdf
dfsfess